// Vitest Snapshot v1, https://vitest.dev/guide/snapshot.html

exports[`Test snapshot 1`] = `
{
  "baseElement": <body>
    <div>
      <main
        class="d-flex flex-column align-center"
      >
        <h2
          class="text-h2 ma-15"
        >
          You don't have any list
        </h2>
        <h3
          clas="text-h3"
        >
          Create new one to add some words
        </h3>
      </main>
    </div>
    <div>
      <main
        class="d-flex flex-column align-center"
      >
        <h2
          class="text-h2 ma-15"
        >
          You don't have any list
        </h2>
        <h3
          clas="text-h3"
        >
          Create new one to add some words
        </h3>
      </main>
    </div>
  </body>,
  "container": <div>
    <main
      class="d-flex flex-column align-center"
    >
      <h2
        class="text-h2 ma-15"
      >
        You don't have any list
      </h2>
      <h3
        clas="text-h3"
      >
        Create new one to add some words
      </h3>
    </main>
  </div>,
  "debug": [Function],
  "emitted": [Function],
  "findAllByAltText": [Function],
  "findAllByDisplayValue": [Function],
  "findAllByLabelText": [Function],
  "findAllByPlaceholderText": [Function],
  "findAllByRole": [Function],
  "findAllByTestId": [Function],
  "findAllByText": [Function],
  "findAllByTitle": [Function],
  "findByAltText": [Function],
  "findByDisplayValue": [Function],
  "findByLabelText": [Function],
  "findByPlaceholderText": [Function],
  "findByRole": [Function],
  "findByTestId": [Function],
  "findByText": [Function],
  "findByTitle": [Function],
  "getAllByAltText": [Function],
  "getAllByDisplayValue": [Function],
  "getAllByLabelText": [Function],
  "getAllByPlaceholderText": [Function],
  "getAllByRole": [Function],
  "getAllByTestId": [Function],
  "getAllByText": [Function],
  "getAllByTitle": [Function],
  "getByAltText": [Function],
  "getByDisplayValue": [Function],
  "getByLabelText": [Function],
  "getByPlaceholderText": [Function],
  "getByRole": [Function],
  "getByTestId": [Function],
  "getByText": [Function],
  "getByTitle": [Function],
  "html": [Function],
  "queryAllByAltText": [Function],
  "queryAllByDisplayValue": [Function],
  "queryAllByLabelText": [Function],
  "queryAllByPlaceholderText": [Function],
  "queryAllByRole": [Function],
  "queryAllByTestId": [Function],
  "queryAllByText": [Function],
  "queryAllByTitle": [Function],
  "queryByAltText": [Function],
  "queryByDisplayValue": [Function],
  "queryByLabelText": [Function],
  "queryByPlaceholderText": [Function],
  "queryByRole": [Function],
  "queryByTestId": [Function],
  "queryByText": [Function],
  "queryByTitle": [Function],
  "rerender": [Function],
  "unmount": [Function],
}
`;
